// Jest Snapshot v1, https://goo.gl/fbAQLP

exports[`<RequestReset/> Renders and matches snapshot 1`] = `
<div>
  <form
    class="Form-sc-1xszr8q-0 hVEEdl"
    method="POST"
  >
    <h2>
      Reset password
    </h2>
    <fieldset
      aria-busy="false"
    >
      <label
        for="reset_email"
      >
        Email
        <input
          autocomplete="email"
          id="reset_email"
          name="email"
          placeholder="Your Email Address"
          type="email"
          value=""
        />
      </label>
      <button
        type="submit"
      >
        Request reset
      </button>
    </fieldset>
  </form>
</div>
`;
